Microsoft Windows [Version 10.0.19041.804]
(c) 2020 Microsoft Corporation. Alle Rechte vorbehalten.

C:\Users\Dom>mongo
MongoDB shell version v4.4.4
connecting to: mongodb://127.0.0.1:27017/?compressors=disabled&gssapiServiceName=mongodb
Error: couldn't connect to server 127.0.0.1:27017, connection attempt failed: SocketException: Error connecting to 127.0.0.1:27017 :: caused by :: Es konnte keine Verbindung hergestellt werden, da der Zielcomputer die Verbindung verweigerte. :
connect@src/mongo/shell/mongo.js:374:17
@(connect):2:6
exception: connect failed
exiting with code 1

C:\Users\Dom>cd pwa

C:\Users\Dom\pwa>cd notes-app

C:\Users\Dom\pwa\notes-app>mongo "mongodb+srv://cluster0.fpxgk.mongodb.net/Test" --username Dom
MongoDB shell version v4.4.4
Enter password:
connecting to: mongodb://cluster0-shard-00-01.fpxgk.mongodb.net:27017,cluster0-shard-00-02.fpxgk.mongodb.net:27017,cluster0-shard-00-00.fpxgk.mongodb.net:27017/Test?authSource=admin&compressors=disabled&gssapiServiceName=mongodb&replicaSet=atlas-l3620c-shard-0&ssl=true
Implicit session: session { "id" : UUID("ca0c32ab-4ec9-49d5-bb6b-28c278723a9f") }
MongoDB server version: 4.4.3
Welcome to the MongoDB shell.
For interactive help, type "help".
For more comprehensive documentation, see
        https://docs.mongodb.com/
Questions? Try the MongoDB Developer Community Forums
        https://community.mongodb.com
MongoDB Enterprise atlas-l3620c-shard-0:PRIMARY> show dbs
Test              0.000GB
admin             0.000GB
graphql_shopping  0.000GB
local             4.691GB
MongoDB Enterprise atlas-l3620c-shard-0:PRIMARY>
MongoDB Enterprise atlas-l3620c-shard-0:PRIMARY> ^C
bye

C:\Users\Dom\pwa\notes-app>
C:\Users\Dom\pwa\notes-app>mongo "mongodb+srv://cluster0.fpxgk.mongodb.net/Test" --username Dom
MongoDB shell version v4.4.4
Enter password:
connecting to: mongodb://cluster0-shard-00-01.fpxgk.mongodb.net:27017,cluster0-shard-00-02.fpxgk.mongodb.net:27017,cluster0-shard-00-00.fpxgk.mongodb.net:27017/Test?authSource=admin&compressors=disabled&gssapiServiceName=mongodb&replicaSet=atlas-l3620c-shard-0&ssl=true
Implicit session: session { "id" : UUID("a5043063-8cad-493c-958f-ce331b42fa7a") }
MongoDB server version: 4.4.3
MongoDB Enterprise atlas-l3620c-shard-0:PRIMARY> show dbs
Test              0.000GB
admin             0.000GB
graphql_shopping  0.000GB
local             4.691GB
MongoDB Enterprise atlas-l3620c-shard-0:PRIMARY> show dbs Test
Test              0.000GB
admin             0.000GB
graphql_shopping  0.000GB
local             4.691GB
MongoDB Enterprise atlas-l3620c-shard-0:PRIMARY> show Test
uncaught exception: Error: don't know how to show [Test] :
shellHelper.show@src/mongo/shell/utils.js:1191:11
shellHelper@src/mongo/shell/utils.js:819:15
@(shellhelp2):1:1
MongoDB Enterprise atlas-l3620c-shard-0:PRIMARY> ^C
bye

C:\Users\Dom\pwa\notes-app>
C:\Users\Dom\pwa\notes-app>RjIbzYxjHaL8ypxa
C:\Users\Dom\pwa\notes-app>